============================= test session starts =============================
platform win32 -- Python 3.14.0, pytest-9.0.2, pluggy-1.6.0 -- Y:\Github\UnifyRoute\.venv\Scripts\python.exe
cachedir: .pytest_cache
rootdir: Y:\Github\UnifyRoute
configfile: pytest.ini
plugins: anyio-4.12.1, asyncio-1.3.0
asyncio: mode=Mode.AUTO, debug=False, asyncio_default_fixture_loop_scope=None, asyncio_default_test_loop_scope=function
collecting ... collected 0 items / 1 error

=================================== ERRORS ====================================
__________________ ERROR collecting tests/test_fireworks.py ___________________
ImportError while importing test module 'Y:\Github\UnifyRoute\tests\test_fireworks.py'.
Hint: make sure your test modules/packages have valid Python names.
Traceback:
C:\Python314\Lib\importlib\__init__.py:88: in import_module
    return _bootstrap._gcd_import(name[level:], package, level)
           ^^^^^^^^^^^^^^^^^^^^^^^^^^^^^^^^^^^^^^^^^^^^^^^^^^^^
tests\test_fireworks.py:4: in <module>
    from router.adapters import FireworksAdapter
router\src\router\adapters\__init__.py:2: in <module>
    from .base import ProviderAdapter, ModelInfo, QuotaInfo
router\src\router\adapters\base.py:1: in <module>
    import litellm
.venv\Lib\site-packages\litellm\__init__.py:1105: in <module>
    from .utils import client
.venv\Lib\site-packages\litellm\utils.py:249: in <module>
    from litellm.llms.base_llm.base_utils import (
.venv\Lib\site-packages\litellm\llms\base_llm\__init__.py:2: in <module>
    from .audio_transcription.transformation import BaseAudioTranscriptionConfig
.venv\Lib\site-packages\litellm\llms\base_llm\audio_transcription\transformation.py:7: in <module>
    from litellm.llms.base_llm.chat.transformation import BaseConfig
.venv\Lib\site-packages\litellm\llms\base_llm\chat\transformation.py:24: in <module>
    from litellm.llms.custom_httpx.http_handler import AsyncHTTPHandler, HTTPHandler
.venv\Lib\site-packages\litellm\llms\custom_httpx\http_handler.py:20: in <module>
    from aiohttp import ClientSession, TCPConnector
E   ImportError: cannot import name 'ClientSession' from 'aiohttp' (unknown location)
=========================== short test summary info ===========================
ERROR tests/test_fireworks.py
!!!!!!!!!!!!!!!!!!! Interrupted: 1 error during collection !!!!!!!!!!!!!!!!!!!!
============================== 1 error in 1.81s ===============================
